[26/02/19 18:22:27]Start version=v1.28
[26/02/19 18:22:27][DEBUG]init
[26/02/19 18:22:33][DEBUG]OKClick
[26/02/19 18:22:33][DEBUG]URL:https://www.loewe.com/jap/ja/%E3%83%A1%E3%83%B3%E3%82%BA/%E8%B2%A1%E5%B8%83%EF%BC%86%E5%B0%8F%E7%89%A9/%E3%83%90%E3%82%A4%E3%83%95%E3%82%A9%E3%83%BC%E3%83%AB%E3%83%89-%E3%82%A6%E3%82%A9%E3%83%AC%E3%83%83%E3%83%88_%E3%82%BD%E3%83%95%E3%83%88%E3%82%B0%E3%83%AC%E3%82%A4%E3%83%B3%E3%82%AB%E3%83%BC%E3%83%95_/C660302X02-1809.html
[26/02/19 18:22:33][DEBUG]URL:https://www.loewe.com/jap/ja/%E3%83%A1%E3%83%B3%E3%82%BA/%E8%B2%A1%E5%B8%83%EF%BC%86%E5%B0%8F%E7%89%A9/%E3%83%90%E3%82%A4%E3%83%95%E3%82%A9%E3%83%BC%E3%83%AB%E3%83%89-%E3%82%A6%E3%82%A9%E3%83%AC%E3%83%83%E3%83%88_%E3%83%86%E3%82%AF%E3%82%B9%E3%83%81%E3%83%A3%E3%83%BC%E3%83%89%E3%82%AF%E3%83%A9%E3%82%B7%E3%83%83%E3%82%AF%E3%82%AB%E3%83%BC%E3%83%95_/C779302X02-1220.html
[26/02/19 18:22:33][DEBUG]URL:https://www.loewe.com/jpn/ja/%E3%82%A6%E3%82%A3%E3%83%A1%E3%83%B3%E3%82%BA/%E8%B2%A1%E5%B8%83%EF%BC%86%E5%B0%8F%E7%89%A9/%E3%82%AB%E3%83%BC%E3%83%89%E3%82%B1%E3%83%BC%E3%82%B9/%E3%82%A2%E3%83%8A%E3%82%B0%E3%83%A9%E3%83%A0-%E3%83%97%E3%83%AC%E3%83%BC%E3%83%B3-%E3%82%AB%E3%83%BC%E3%83%89%E3%83%9B%E3%83%AB%E3%83%80%E3%83%BC_%E3%83%9A%E3%83%96%E3%83%AB%E3%82%B0%E3%83%AC%E3%82%A4%E3%83%B3%E3%82%AB%E3%83%BC%E3%83%95_/C821075X09-3170.html
[26/02/19 18:22:33][DEBUG]URL:https://www.loewe.com/jpn/ja/%E3%82%A6%E3%82%A3%E3%83%A1%E3%83%B3%E3%82%BA/%E8%B2%A1%E5%B8%83%EF%BC%86%E5%B0%8F%E7%89%A9/%E3%82%AB%E3%83%BC%E3%83%89%E3%82%B1%E3%83%BC%E3%82%B9/%E3%83%91%E3%83%95%E3%82%A1%E3%83%BC-%E3%82%A2%E3%83%8A%E3%82%B0%E3%83%A9%E3%83%A0-%E3%83%97%E3%83%AC%E3%83%BC%E3%83%B3-%E3%82%AB%E3%83%BC%E3%83%89%E3%83%9B%E3%83%AB%E3%83%80%E3%83%BC_%E3%82%B7%E3%83%A3%E3%82%A4%E3%83%8B%E3%83%BC%E3%83%8A%E3%83%91%E3%82%AB%E3%83%BC%E3%83%95_/C821322X01-1100.html
[26/02/19 18:22:33][DEBUG]URL:None
[26/02/19 18:22:35][DEBUG]scraper constructed 1
[26/02/19 18:22:35][DEBUG]scrape LOEWE start
[26/02/19 18:22:37][DEBUG]open done OK
[26/02/19 18:22:53][DEBUG]https://www.loewe.com/jap/ja/%E3%83%A1%E3%83%B3%E3%82%BA/%E8%B2%A1%E5%B8%83%EF%BC%86%E5%B0%8F%E7%89%A9/%E3%83%90%E3%82%A4%E3%83%95%E3%82%A9%E3%83%BC%E3%83%AB%E3%83%89-%E3%82%A6%E3%82%A9%E3%83%AC%E3%83%83%E3%83%88_%E3%82%BD%E3%83%95%E3%83%88%E3%82%B0%E3%83%AC%E3%82%A4%E3%83%B3%E3%82%AB%E3%83%BC%E3%83%95_/C660302X02-1809.html NOTFOUND
[26/02/19 18:22:54][DEBUG]scrape LOEWE start
[26/02/19 18:22:57][DEBUG]open done OK
[26/02/19 18:23:12][DEBUG]https://www.loewe.com/jap/ja/%E3%83%A1%E3%83%B3%E3%82%BA/%E8%B2%A1%E5%B8%83%EF%BC%86%E5%B0%8F%E7%89%A9/%E3%83%90%E3%82%A4%E3%83%95%E3%82%A9%E3%83%BC%E3%83%AB%E3%83%89-%E3%82%A6%E3%82%A9%E3%83%AC%E3%83%83%E3%83%88_%E3%83%86%E3%82%AF%E3%82%B9%E3%83%81%E3%83%A3%E3%83%BC%E3%83%89%E3%82%AF%E3%83%A9%E3%82%B7%E3%83%83%E3%82%AF%E3%82%AB%E3%83%BC%E3%83%95_/C779302X02-1220.html NOTFOUND
[26/02/19 18:23:12][DEBUG]scrape LOEWE start
[26/02/19 18:23:16][DEBUG]open done OK
[26/02/19 18:23:19][DEBUG]https://www.loewe.com/jpn/ja/%E3%82%A6%E3%82%A3%E3%83%A1%E3%83%B3%E3%82%BA/%E8%B2%A1%E5%B8%83%EF%BC%86%E5%B0%8F%E7%89%A9/%E3%82%AB%E3%83%BC%E3%83%89%E3%82%B1%E3%83%BC%E3%82%B9/%E3%82%A2%E3%83%8A%E3%82%B0%E3%83%A9%E3%83%A0-%E3%83%97%E3%83%AC%E3%83%BC%E3%83%B3-%E3%82%AB%E3%83%BC%E3%83%89%E3%83%9B%E3%83%AB%E3%83%80%E3%83%BC_%E3%83%9A%E3%83%96%E3%83%AB%E3%82%B0%E3%83%AC%E3%82%A4%E3%83%B3%E3%82%AB%E3%83%BC%E3%83%95_/C821075X09-3170.html 50600
[26/02/19 18:23:21][DEBUG]scrape LOEWE start
[26/02/19 18:23:24][DEBUG]open done OK
[26/02/19 18:23:26][DEBUG]https://www.loewe.com/jpn/ja/%E3%82%A6%E3%82%A3%E3%83%A1%E3%83%B3%E3%82%BA/%E8%B2%A1%E5%B8%83%EF%BC%86%E5%B0%8F%E7%89%A9/%E3%82%AB%E3%83%BC%E3%83%89%E3%82%B1%E3%83%BC%E3%82%B9/%E3%83%91%E3%83%95%E3%82%A1%E3%83%BC-%E3%82%A2%E3%83%8A%E3%82%B0%E3%83%A9%E3%83%A0-%E3%83%97%E3%83%AC%E3%83%BC%E3%83%B3-%E3%82%AB%E3%83%BC%E3%83%89%E3%83%9B%E3%83%AB%E3%83%80%E3%83%BC_%E3%82%B7%E3%83%A3%E3%82%A4%E3%83%8B%E3%83%BC%E3%83%8A%E3%83%91%E3%82%AB%E3%83%BC%E3%83%95_/C821322X01-1100.html 59400
