[26/03/05 01:32:06]Start version=v1.30
[26/03/05 01:32:06][DEBUG]init
[26/03/05 01:32:18][DEBUG]OKClick
[26/03/05 01:32:19][DEBUG]URL:https://www.loewe.com/jap/ja/%E3%83%A1%E3%83%B3%E3%82%BA/new-in/%E3%83%95%E3%83%A5%E3%83%BC%E3%83%81%E3%83%A3%E3%83%AA%E3%82%B9%E3%83%88-%E3%82%AD%E3%83%A3%E3%83%83%E3%83%88-%E3%83%91%E3%82%BA%E3%83%AB%E3%83%90%E3%83%83%E3%82%B0-%E3%82%B9%E3%83%A2%E3%83%BC%E3%83%AB_%E3%82%A8%E3%83%B3%E3%83%96%E3%83%AD%E3%82%A4%E3%83%80%E3%83%AA%E3%83%BC%E3%83%8B%E3%83%83%E3%83%88and%E3%82%AF%E3%83%A9%E3%82%B7%E3%83%83%E3%82%AF%E3%82%AB%E3%83%BC%E3%83%95_/A510S21XD2-0157.html
[26/03/05 01:32:19][DEBUG]URL:https://www.loewe.com/jap/ja/%E3%83%A1%E3%83%B3%E3%82%BA/new-in/%E3%83%91%E3%83%B3%E3%82%BF-%E3%82%B3%E3%82%A4%E3%83%B3%E3%82%AB%E3%83%BC%E3%83%89%E3%83%9B%E3%83%AB%E3%83%80%E3%83%BC_%E3%82%B7%E3%83%A3%E3%82%A4%E3%83%8B%E3%83%BC%E3%82%AB%E3%83%BC%E3%83%95_/C643Z40XAK-1100.html
[26/03/05 01:32:19][DEBUG]URL:https://www.loewe.com/jap/ja/%E3%83%A1%E3%83%B3%E3%82%BA/new-in/%E3%83%91%E3%83%95%E3%82%A1%E3%83%BC%E3%82%B8%E3%83%A3%E3%82%B1%E3%83%83%E3%83%88_%E3%82%A6%E3%83%BC%E3%83%AB_/H526Y02WD4-5190.html
[26/03/05 01:32:19][DEBUG]URL:https://www.loewe.com/jap/ja/%E3%83%A1%E3%83%B3%E3%82%BA/new-in/%E3%83%90%E3%83%AB%E3%83%BC%E3%83%B3-%E3%83%90%E3%82%A4%E3%82%AB%E3%83%BC%E3%82%B8%E3%83%A3%E3%82%B1%E3%83%83%E3%83%88_%E3%83%8A%E3%83%91%E3%83%A9%E3%83%A0_/H526Y34LAS-1100.html
[26/03/05 01:32:19][DEBUG]URL:https://www.loewe.com/jap/ja/%E3%83%A1%E3%83%B3%E3%82%BA/new-in/%E3%83%AA%E3%83%A9%E3%83%83%E3%82%AF%E3%82%B9%E3%83%95%E3%82%A3%E3%83%83%E3%83%88-t%E3%82%B7%E3%83%A3%E3%83%84_%E3%82%B3%E3%83%83%E3%83%88%E3%83%B3_/H526Y22XDE-5190.html
[26/03/05 01:32:19][DEBUG]URL:https://www.loewe.com/jap/ja/%E3%83%A1%E3%83%B3%E3%82%BA/new-in/%E3%83%99%E3%83%AB%E3%83%86%E3%83%83%E3%83%89-%E3%82%B8%E3%83%A3%E3%82%B1%E3%83%83%E3%83%88_%E3%82%B3%E3%83%83%E3%83%88%E3%83%B3_/H526Y02WDL-1110.html
[26/03/05 01:32:19][DEBUG]URL:https://www.loewe.com/jap/ja/%E3%83%A1%E3%83%B3%E3%82%BA/new-in/%E3%82%B8%E3%83%83%E3%83%97%E3%82%A2%E3%83%83%E3%83%97-%E3%83%95%E3%83%BC%E3%83%87%E3%82%A3%E3%83%BC_%E3%82%B3%E3%83%83%E3%83%88%E3%83%B3_/H526Y25X87-7110.html
[26/03/05 01:32:19][DEBUG]URL:https://www.loewe.com/jap/ja/%E3%83%A1%E3%83%B3%E3%82%BA/new-in/%E3%83%AF%E3%83%BC%E3%82%AF%E3%82%A6%E3%82%A7%E3%82%A2-%E3%82%B8%E3%83%A3%E3%82%B1%E3%83%83%E3%83%88_%E3%83%8A%E3%83%91%E3%83%A9%E3%83%A0and%E3%83%8A%E3%82%A4%E3%83%AD%E3%83%B3_/H526Y34LAG-5110.html
[26/03/05 01:32:19][DEBUG]URL:https://www.loewe.com/jap/ja/%E3%83%A1%E3%83%B3%E3%82%BA/new-in/%E3%82%B7%E3%83%A3%E3%83%84_%E3%82%A6%E3%83%BC%E3%83%AB_/H526Y05WGI-1100.html
[26/03/05 01:32:19][DEBUG]URL:https://www.loewe.com/jap/ja/%E3%83%A1%E3%83%B3%E3%82%BA/new-in/%E3%83%91%E3%83%87%E3%83%83%E3%83%89%E3%82%B8%E3%83%A3%E3%82%B1%E3%83%83%E3%83%88_%E3%83%86%E3%82%AF%E3%83%8B%E3%82%AB%E3%83%AB%E3%82%B3%E3%83%83%E3%83%88%E3%83%B3_/H526Y02WD8-5110.html
[26/03/05 01:32:19][DEBUG]URL:https://www.loewe.com/jap/ja/%E3%83%A1%E3%83%B3%E3%82%BA/new-in/%E3%83%AD%E3%83%B3%E3%82%B0%E3%82%B9%E3%83%AA%E3%83%BC%E3%83%96-%E3%83%88%E3%83%83%E3%83%97%E3%82%B9_%E3%82%B3%E3%83%83%E3%83%88%E3%83%B3%E3%83%96%E3%83%AC%E3%83%B3%E3%83%89_/H526Y23X95-6817.html
[26/03/05 01:32:19][DEBUG]URL:https://www.loewe.com/jap/ja/%E3%83%A1%E3%83%B3%E3%82%BA/new-in/%E3%83%95%E3%83%BC%E3%83%87%E3%83%83%E3%83%89-%E3%82%B8%E3%83%A3%E3%82%B1%E3%83%83%E3%83%88_%E3%82%B7%E3%82%A2%E3%83%AA%E3%83%B3%E3%82%B0_/H526Y2SL58-2530.html
[26/03/05 01:32:19][DEBUG]URL:https://www.loewe.com/jap/ja/%E3%83%A1%E3%83%B3%E3%82%BA/new-in/%E3%82%B3%E3%83%BC%E3%83%88_%E3%82%A6%E3%83%BC%E3%83%ABand%E3%82%B7%E3%83%AB%E3%82%AF_/H526Y01WDK-6812.html
[26/03/05 01:32:19][DEBUG]URL:https://www.loewe.com/jap/ja/%E3%83%A1%E3%83%B3%E3%82%BA/new-in/%E3%83%AD%E3%83%B3%E3%82%B0%E3%82%B9%E3%83%AA%E3%83%BC%E3%83%96-%E3%83%88%E3%83%83%E3%83%97%E3%82%B9_%E3%82%B3%E3%83%83%E3%83%88%E3%83%B3%E3%83%96%E3%83%AC%E3%83%B3%E3%83%89_/H526Y23X95-4044.html
[26/03/05 01:32:19][DEBUG]URL:https://www.loewe.com/jap/ja/%E3%83%A1%E3%83%B3%E3%82%BA/new-in/%E3%82%B8%E3%83%A3%E3%82%B1%E3%83%83%E3%83%88_%E3%82%A6%E3%83%BC%E3%83%AB_/H526Y03WCW-5190.html
[26/03/05 01:32:19][DEBUG]URL:https://www.loewe.com/jap/ja/%E3%83%A1%E3%83%B3%E3%82%BA/new-in/%E3%82%BB%E3%83%BC%E3%82%BF%E3%83%BC_%E3%82%A6%E3%83%BC%E3%83%AB_/H526Y14KMF-4105.html
[26/03/05 01:32:19][DEBUG]URL:https://www.loewe.com/jap/ja/%E3%83%A1%E3%83%B3%E3%82%BA/new-in/%E3%82%A2%E3%83%8A%E3%82%B0%E3%83%A9%E3%83%A0-%E3%82%B8%E3%83%83%E3%83%97%E3%82%A2%E3%83%83%E3%83%97-%E3%83%95%E3%83%BC%E3%83%87%E3%82%A3%E3%83%BC_%E3%82%A6%E3%83%BC%E3%83%AB_/H526Y16KAT-4160.html
[26/03/05 01:32:19][DEBUG]URL:https://www.loewe.com/jap/ja/%E3%83%A1%E3%83%B3%E3%82%BA/new-in/%E3%82%BB%E3%83%BC%E3%82%BF%E3%83%BC_%E3%82%A6%E3%83%BC%E3%83%AB_/H526Y14KMF-1114.html
[26/03/05 01:32:19][DEBUG]URL:https://www.loewe.com/jap/ja/%E3%83%A1%E3%83%B3%E3%82%BA/new-in/%E3%83%80%E3%83%96%E3%83%AB%E3%83%96%E3%83%AC%E3%82%B9%E3%83%88-%E3%82%B8%E3%83%A3%E3%82%B1%E3%83%83%E3%83%88_%E3%82%A6%E3%83%BC%E3%83%AB_/H526Y03WD2-1100.html
[26/03/05 01:32:19][DEBUG]URL:https://www.loewe.com/jap/ja/%E3%83%A1%E3%83%B3%E3%82%BA/new-in/%E3%83%AA%E3%83%A9%E3%83%83%E3%82%AF%E3%82%B9%E3%83%95%E3%82%A3%E3%83%83%E3%83%88-t%E3%82%B7%E3%83%A3%E3%83%84_%E3%82%B3%E3%83%83%E3%83%88%E3%83%B3_/H526Y22XDE-9100.html
[26/03/05 01:32:19][DEBUG]URL:https://www.loewe.com/jap/ja/%E3%83%A1%E3%83%B3%E3%82%BA/new-in/%E3%82%AA%E3%83%BC%E3%83%90%E3%83%BC%E3%82%B7%E3%83%A3%E3%83%84_%E3%82%A6%E3%83%BC%E3%83%ABand%E3%83%A9%E3%83%9E%E3%83%96%E3%83%AC%E3%83%B3%E3%83%89_/H526Y02X55-6853.html
[26/03/05 01:32:19][DEBUG]URL:https://www.loewe.com/jap/ja/%E3%83%A1%E3%83%B3%E3%82%BA/new-in/%E3%83%AC%E3%82%AE%E3%83%A5%E3%83%A9%E3%83%BC%E3%83%95%E3%82%A3%E3%83%83%E3%83%88-t%E3%82%B7%E3%83%A3%E3%83%84_%E3%82%B3%E3%83%83%E3%83%88%E3%83%B3_/H526Y22XDD-7200.html
[26/03/05 01:32:19][DEBUG]URL:https://www.loewe.com/jap/ja/%E3%83%A1%E3%83%B3%E3%82%BA/new-in/%E3%83%95%E3%83%BC%E3%83%87%E3%83%83%E3%83%89-%E3%82%B3%E3%83%BC%E3%83%88_%E3%82%A6%E3%83%BC%E3%83%AB_/H526Y01WE6-1100.html
[26/03/05 01:32:19][DEBUG]URL:https://www.loewe.com/jap/ja/%E3%83%A1%E3%83%B3%E3%82%BA/new-in/%E3%82%AA%E3%83%BC%E3%83%90%E3%83%BC%E3%82%B7%E3%83%A3%E3%83%84_%E3%82%B7%E3%82%A2%E3%83%AA%E3%83%B3%E3%82%B0_/H526Y2SL51-3223.html
[26/03/05 01:32:19][DEBUG]URL:https://www.loewe.com/jap/ja/%E3%83%A1%E3%83%B3%E3%82%BA/new-in/%E3%82%B7%E3%83%A3%E3%83%84_%E3%82%B3%E3%83%83%E3%83%88%E3%83%B3_/H526Y05XAN-6975.html
[26/03/05 01:32:19][DEBUG]URL:https://www.loewe.com/jap/ja/%E3%83%A1%E3%83%B3%E3%82%BA/new-in/%E3%82%A2%E3%83%8A%E3%82%B0%E3%83%A9%E3%83%A0-%E3%82%AA%E3%83%BC%E3%83%90%E3%83%BC%E3%82%B7%E3%83%A3%E3%83%84_%E3%83%87%E3%83%8B%E3%83%A0_/H526Y1DW27-5475.html
[26/03/05 01:32:19][DEBUG]URL:https://www.loewe.com/jap/ja/%E3%83%A1%E3%83%B3%E3%82%BA/new-in/%E3%83%88%E3%83%A9%E3%83%83%E3%82%AB%E3%83%BC-%E3%82%B8%E3%83%A3%E3%82%B1%E3%83%83%E3%83%88_%E3%82%B7%E3%82%A2%E3%83%AA%E3%83%B3%E3%82%B0_/H526Y2SL60-3118.html
[26/03/05 01:32:19][DEBUG]URL:https://www.loewe.com/jap/ja/%E3%83%A1%E3%83%B3%E3%82%BA/new-in/%E3%82%BB%E3%83%BC%E3%82%BF%E3%83%BC_%E3%82%A6%E3%83%BC%E3%83%AB_/H526Y14KNG-4226.html
[26/03/05 01:32:19][DEBUG]URL:https://www.loewe.com/jap/ja/%E3%83%A1%E3%83%B3%E3%82%BA/new-in/%E3%83%88%E3%83%A9%E3%83%83%E3%82%AF%E3%82%B9%E3%83%BC%E3%83%84-%E3%82%B8%E3%83%A3%E3%82%B1%E3%83%83%E3%83%88_%E3%82%A6%E3%83%BC%E3%83%AB_/H526Y02X47-4936.html
[26/03/05 01:32:19][DEBUG]URL:https://www.loewe.com/jap/ja/%E3%83%A1%E3%83%B3%E3%82%BA/new-in/%E3%82%BB%E3%83%BC%E3%82%BF%E3%83%BC_%E3%82%A6%E3%83%BC%E3%83%AB_/H526Y14KH1-1130.html
[26/03/05 01:32:19][DEBUG]URL:https://www.loewe.com/jap/ja/%E3%83%A1%E3%83%B3%E3%82%BA/new-in/%E3%82%B9%E3%82%AB%E3%83%BC%E3%83%95_%E3%82%AB%E3%82%B7%E3%83%9F%E3%83%A4_/FSA3SS1W04-2279.html
[26/03/05 01:32:19][DEBUG]URL:https://www.loewe.com/jap/ja/%E3%83%A1%E3%83%B3%E3%82%BA/new-in/%E3%83%91%E3%82%BA%E3%83%AB-%E3%83%90%E3%82%A4%E3%83%95%E3%82%A9%E3%83%BC%E3%83%AB%E3%83%89-%E3%82%B3%E3%82%A4%E3%83%B3%E3%82%A6%E3%82%A9%E3%83%AC%E3%83%83%E3%83%88_%E3%82%AF%E3%83%A9%E3%82%B7%E3%83%83%E3%82%AF%E3%82%AB%E3%83%BC%E3%83%95_/C510501X15-0679.html
[26/03/05 01:32:19][DEBUG]URL:https://www.loewe.com/jap/ja/%E3%83%A1%E3%83%B3%E3%82%BA/new-in/%E3%83%91%E3%82%BA%E3%83%AB-%E3%82%B9%E3%83%AA%E3%83%A0-%E3%82%B3%E3%83%B3%E3%83%91%E3%82%AF%E3%83%88-%E3%82%A6%E3%82%A9%E3%83%AC%E3%83%83%E3%83%88_%E3%82%AF%E3%83%A9%E3%82%B7%E3%83%83%E3%82%AF%E3%82%AB%E3%83%BC%E3%83%95_/C510W73X09-0679.html
[26/03/05 01:32:19][DEBUG]URL:https://www.loewe.com/jap/ja/%E3%83%A1%E3%83%B3%E3%82%BA/new-in/%E3%83%90%E3%83%8B%E3%83%BC-%E3%83%81%E3%83%A3%E3%83%BC%E3%83%A0_%E3%82%B7%E3%82%A2%E3%83%AA%E3%83%B3%E3%82%B0_/C621232XR7-2100.html
[26/03/05 01:32:19][DEBUG]URL:https://www.loewe.com/jap/ja/%E3%83%A1%E3%83%B3%E3%82%BA/new-in/%E3%83%AD%E3%82%A8%E3%83%99-%E3%83%93%E3%83%BC%E3%83%8B%E3%83%BC_%E3%82%A6%E3%83%BC%E3%83%AB_/F540257X23-2210.html
[26/03/05 01:32:19][DEBUG]URL:https://www.loewe.com/jap/ja/%E3%83%A1%E3%83%B3%E3%82%BA/new-in/%E3%83%87%E3%82%A3%E3%82%A2-%E3%83%91%E3%82%BA-%E3%83%81%E3%83%A3%E3%83%BC%E3%83%A0_%E3%82%B7%E3%82%A2%E3%83%AA%E3%83%B3%E3%82%B0_/C621232XR5-3100.html
[26/03/05 01:32:19][DEBUG]URL:https://www.loewe.com/jap/ja/%E3%83%A1%E3%83%B3%E3%82%BA/new-in/%E3%82%AF%E3%83%AD%E3%82%B9%E3%83%9C%E3%83%87%E3%82%A3-%E3%82%AB%E3%83%A1%E3%83%A9%E3%83%90%E3%83%83%E3%82%B0-%E3%83%9F%E3%83%8B_%E3%82%B5%E3%83%86%E3%83%B3%E3%82%AB%E3%83%BC%E3%83%95_/C565R41X04-1220.html
[26/03/05 01:32:19][DEBUG]URL:https://www.loewe.com/jap/ja/%E3%83%A1%E3%83%B3%E3%82%BA/new-in/%E3%82%B9%E3%82%AB%E3%83%BC%E3%83%95_%E3%82%A6%E3%83%BC%E3%83%ABand%E3%82%AB%E3%82%B7%E3%83%9F%E3%83%A4_/FSA8SS1K06-1440.html
[26/03/05 01:32:19][DEBUG]URL:https://www.loewe.com/jap/ja/%E3%83%A1%E3%83%B3%E3%82%BA/new-in/%E3%83%90%E3%82%A4%E3%83%95%E3%82%A9%E3%83%BC%E3%83%AB%E3%83%89-%E3%82%B3%E3%82%A4%E3%83%B3%E3%82%A6%E3%82%A9%E3%83%AC%E3%83%83%E3%83%88_%E3%82%B5%E3%83%86%E3%83%B3%E3%82%AB%E3%83%BC%E3%83%95_/C565501X05-4160.html
[26/03/05 01:32:19][DEBUG]URL:https://www.loewe.com/jap/ja/%E3%83%A1%E3%83%B3%E3%82%BA/new-in/%E3%83%91%E3%82%BA%E3%83%AB-%E3%83%90%E3%82%A4%E3%83%95%E3%82%A9%E3%83%BC%E3%83%AB%E3%83%89-%E3%82%A6%E3%82%A9%E3%83%AC%E3%83%83%E3%83%88_%E3%82%B5%E3%83%97%E3%83%AB%E3%82%B0%E3%83%AC%E3%82%A4%E3%83%B3%E3%82%AB%E3%83%BC%E3%83%95_/C510302X20-1220.html
[26/03/05 01:32:19][DEBUG]URL:https://www.loewe.com/jap/ja/%E3%83%A1%E3%83%B3%E3%82%BA/new-in/%E3%83%91%E3%82%BA%E3%83%AB-%E3%82%B3%E3%82%A4%E3%83%B3%E3%82%AB%E3%83%BC%E3%83%89%E3%83%9B%E3%83%AB%E3%83%80%E3%83%BC_%E3%82%B5%E3%83%97%E3%83%AB%E3%82%B0%E3%83%AC%E3%82%A4%E3%83%B3%E3%82%AB%E3%83%BC%E3%83%95_/C510Z40X28-1220.html
[26/03/05 01:32:19][DEBUG]URL:None
[26/03/05 01:32:20][DEBUG]scraper constructed 1
[26/03/05 01:32:20][DEBUG]scrape LOEWE start
[26/03/05 01:32:23][DEBUG]open done OK
[26/03/05 01:32:28][DEBUG]https://www.loewe.com/jap/ja/%E3%83%A1%E3%83%B3%E3%82%BA/new-in/%E3%83%95%E3%83%A5%E3%83%BC%E3%83%81%E3%83%A3%E3%83%AA%E3%82%B9%E3%83%88-%E3%82%AD%E3%83%A3%E3%83%83%E3%83%88-%E3%83%91%E3%82%BA%E3%83%AB%E3%83%90%E3%83%83%E3%82%B0-%E3%82%B9%E3%83%A2%E3%83%BC%E3%83%AB_%E3%82%A8%E3%83%B3%E3%83%96%E3%83%AD%E3%82%A4%E3%83%80%E3%83%AA%E3%83%BC%E3%83%8B%E3%83%83%E3%83%88and%E3%82%AF%E3%83%A9%E3%82%B7%E3%83%83%E3%82%AF%E3%82%AB%E3%83%BC%E3%83%95_/A510S21XD2-0157.html 0
[26/03/05 01:32:31][DEBUG]scrape LOEWE start
[26/03/05 01:32:33][DEBUG]open done OK
[26/03/05 01:32:34][DEBUG]https://www.loewe.com/jap/ja/%E3%83%A1%E3%83%B3%E3%82%BA/new-in/%E3%83%91%E3%83%B3%E3%82%BF-%E3%82%B3%E3%82%A4%E3%83%B3%E3%82%AB%E3%83%BC%E3%83%89%E3%83%9B%E3%83%AB%E3%83%80%E3%83%BC_%E3%82%B7%E3%83%A3%E3%82%A4%E3%83%8B%E3%83%BC%E3%82%AB%E3%83%BC%E3%83%95_/C643Z40XAK-1100.html 0
[26/03/05 01:32:37][DEBUG]scrape LOEWE start
[26/03/05 01:32:39][DEBUG]open done OK
[26/03/05 01:32:40][DEBUG]https://www.loewe.com/jap/ja/%E3%83%A1%E3%83%B3%E3%82%BA/new-in/%E3%83%91%E3%83%95%E3%82%A1%E3%83%BC%E3%82%B8%E3%83%A3%E3%82%B1%E3%83%83%E3%83%88_%E3%82%A6%E3%83%BC%E3%83%AB_/H526Y02WD4-5190.html 0
[26/03/05 01:32:44][DEBUG]scrape LOEWE start
[26/03/05 01:32:47][DEBUG]open done OK
[26/03/05 01:32:49][DEBUG]https://www.loewe.com/jap/ja/%E3%83%A1%E3%83%B3%E3%82%BA/new-in/%E3%83%90%E3%83%AB%E3%83%BC%E3%83%B3-%E3%83%90%E3%82%A4%E3%82%AB%E3%83%BC%E3%82%B8%E3%83%A3%E3%82%B1%E3%83%83%E3%83%88_%E3%83%8A%E3%83%91%E3%83%A9%E3%83%A0_/H526Y34LAS-1100.html 0
[26/03/05 01:32:52][DEBUG]scrape LOEWE start
[26/03/05 01:32:56][DEBUG]open done OK
[26/03/05 01:32:57][DEBUG]https://www.loewe.com/jap/ja/%E3%83%A1%E3%83%B3%E3%82%BA/new-in/%E3%83%AA%E3%83%A9%E3%83%83%E3%82%AF%E3%82%B9%E3%83%95%E3%82%A3%E3%83%83%E3%83%88-t%E3%82%B7%E3%83%A3%E3%83%84_%E3%82%B3%E3%83%83%E3%83%88%E3%83%B3_/H526Y22XDE-5190.html 0
[26/03/05 01:33:01][DEBUG]scrape LOEWE start
[26/03/05 01:33:04][DEBUG]open done OK
[26/03/05 01:33:05][DEBUG]https://www.loewe.com/jap/ja/%E3%83%A1%E3%83%B3%E3%82%BA/new-in/%E3%83%99%E3%83%AB%E3%83%86%E3%83%83%E3%83%89-%E3%82%B8%E3%83%A3%E3%82%B1%E3%83%83%E3%83%88_%E3%82%B3%E3%83%83%E3%83%88%E3%83%B3_/H526Y02WDL-1110.html 0
[26/03/05 01:33:09][DEBUG]scrape LOEWE start
[26/03/05 01:33:12][DEBUG]open done OK
[26/03/05 01:33:14][DEBUG]https://www.loewe.com/jap/ja/%E3%83%A1%E3%83%B3%E3%82%BA/new-in/%E3%82%B8%E3%83%83%E3%83%97%E3%82%A2%E3%83%83%E3%83%97-%E3%83%95%E3%83%BC%E3%83%87%E3%82%A3%E3%83%BC_%E3%82%B3%E3%83%83%E3%83%88%E3%83%B3_/H526Y25X87-7110.html 0
[26/03/05 01:33:17][DEBUG]scrape LOEWE start
[26/03/05 01:33:20][DEBUG]open done OK
[26/03/05 01:33:22][DEBUG]https://www.loewe.com/jap/ja/%E3%83%A1%E3%83%B3%E3%82%BA/new-in/%E3%83%AF%E3%83%BC%E3%82%AF%E3%82%A6%E3%82%A7%E3%82%A2-%E3%82%B8%E3%83%A3%E3%82%B1%E3%83%83%E3%83%88_%E3%83%8A%E3%83%91%E3%83%A9%E3%83%A0and%E3%83%8A%E3%82%A4%E3%83%AD%E3%83%B3_/H526Y34LAG-5110.html 0
[26/03/05 01:33:25][DEBUG]scrape LOEWE start
[26/03/05 01:33:28][DEBUG]open done OK
[26/03/05 01:33:30][DEBUG]https://www.loewe.com/jap/ja/%E3%83%A1%E3%83%B3%E3%82%BA/new-in/%E3%82%B7%E3%83%A3%E3%83%84_%E3%82%A6%E3%83%BC%E3%83%AB_/H526Y05WGI-1100.html 0
[26/03/05 01:33:33][DEBUG]scrape LOEWE start
[26/03/05 01:33:36][DEBUG]open done OK
[26/03/05 01:33:38][DEBUG]https://www.loewe.com/jap/ja/%E3%83%A1%E3%83%B3%E3%82%BA/new-in/%E3%83%91%E3%83%87%E3%83%83%E3%83%89%E3%82%B8%E3%83%A3%E3%82%B1%E3%83%83%E3%83%88_%E3%83%86%E3%82%AF%E3%83%8B%E3%82%AB%E3%83%AB%E3%82%B3%E3%83%83%E3%83%88%E3%83%B3_/H526Y02WD8-5110.html 0
[26/03/05 01:33:41][DEBUG]scrape LOEWE start
[26/03/05 01:33:44][DEBUG]open done OK
[26/03/05 01:33:45][DEBUG]https://www.loewe.com/jap/ja/%E3%83%A1%E3%83%B3%E3%82%BA/new-in/%E3%83%AD%E3%83%B3%E3%82%B0%E3%82%B9%E3%83%AA%E3%83%BC%E3%83%96-%E3%83%88%E3%83%83%E3%83%97%E3%82%B9_%E3%82%B3%E3%83%83%E3%83%88%E3%83%B3%E3%83%96%E3%83%AC%E3%83%B3%E3%83%89_/H526Y23X95-6817.html 0
[26/03/05 01:33:49][DEBUG]scrape LOEWE start
[26/03/05 01:33:52][DEBUG]open done OK
[26/03/05 01:33:53][DEBUG]https://www.loewe.com/jap/ja/%E3%83%A1%E3%83%B3%E3%82%BA/new-in/%E3%83%95%E3%83%BC%E3%83%87%E3%83%83%E3%83%89-%E3%82%B8%E3%83%A3%E3%82%B1%E3%83%83%E3%83%88_%E3%82%B7%E3%82%A2%E3%83%AA%E3%83%B3%E3%82%B0_/H526Y2SL58-2530.html 0
[26/03/05 01:33:57][DEBUG]scrape LOEWE start
[26/03/05 01:34:00][DEBUG]open done OK
[26/03/05 01:34:02][DEBUG]https://www.loewe.com/jap/ja/%E3%83%A1%E3%83%B3%E3%82%BA/new-in/%E3%82%B3%E3%83%BC%E3%83%88_%E3%82%A6%E3%83%BC%E3%83%ABand%E3%82%B7%E3%83%AB%E3%82%AF_/H526Y01WDK-6812.html 0
[26/03/05 01:34:05][DEBUG]scrape LOEWE start
[26/03/05 01:34:08][DEBUG]open done OK
[26/03/05 01:34:10][DEBUG]https://www.loewe.com/jap/ja/%E3%83%A1%E3%83%B3%E3%82%BA/new-in/%E3%83%AD%E3%83%B3%E3%82%B0%E3%82%B9%E3%83%AA%E3%83%BC%E3%83%96-%E3%83%88%E3%83%83%E3%83%97%E3%82%B9_%E3%82%B3%E3%83%83%E3%83%88%E3%83%B3%E3%83%96%E3%83%AC%E3%83%B3%E3%83%89_/H526Y23X95-4044.html 0
[26/03/05 01:34:13][DEBUG]scrape LOEWE start
[26/03/05 01:34:17][DEBUG]open done OK
[26/03/05 01:34:18][DEBUG]https://www.loewe.com/jap/ja/%E3%83%A1%E3%83%B3%E3%82%BA/new-in/%E3%82%B8%E3%83%A3%E3%82%B1%E3%83%83%E3%83%88_%E3%82%A6%E3%83%BC%E3%83%AB_/H526Y03WCW-5190.html 0
[26/03/05 01:34:21][DEBUG]scrape LOEWE start
[26/03/05 01:34:25][DEBUG]open done OK
[26/03/05 01:34:26][DEBUG]https://www.loewe.com/jap/ja/%E3%83%A1%E3%83%B3%E3%82%BA/new-in/%E3%82%BB%E3%83%BC%E3%82%BF%E3%83%BC_%E3%82%A6%E3%83%BC%E3%83%AB_/H526Y14KMF-4105.html 0
[26/03/05 01:34:30][DEBUG]scrape LOEWE start
[26/03/05 01:34:33][DEBUG]open done OK
[26/03/05 01:34:34][DEBUG]https://www.loewe.com/jap/ja/%E3%83%A1%E3%83%B3%E3%82%BA/new-in/%E3%82%A2%E3%83%8A%E3%82%B0%E3%83%A9%E3%83%A0-%E3%82%B8%E3%83%83%E3%83%97%E3%82%A2%E3%83%83%E3%83%97-%E3%83%95%E3%83%BC%E3%83%87%E3%82%A3%E3%83%BC_%E3%82%A6%E3%83%BC%E3%83%AB_/H526Y16KAT-4160.html 0
[26/03/05 01:34:38][DEBUG]scrape LOEWE start
[26/03/05 01:34:41][DEBUG]open done OK
[26/03/05 01:34:42][DEBUG]https://www.loewe.com/jap/ja/%E3%83%A1%E3%83%B3%E3%82%BA/new-in/%E3%82%BB%E3%83%BC%E3%82%BF%E3%83%BC_%E3%82%A6%E3%83%BC%E3%83%AB_/H526Y14KMF-1114.html 0
[26/03/05 01:34:46][DEBUG]scrape LOEWE start
[26/03/05 01:34:49][DEBUG]open done OK
[26/03/05 01:34:51][DEBUG]https://www.loewe.com/jap/ja/%E3%83%A1%E3%83%B3%E3%82%BA/new-in/%E3%83%80%E3%83%96%E3%83%AB%E3%83%96%E3%83%AC%E3%82%B9%E3%83%88-%E3%82%B8%E3%83%A3%E3%82%B1%E3%83%83%E3%83%88_%E3%82%A6%E3%83%BC%E3%83%AB_/H526Y03WD2-1100.html 0
[26/03/05 01:34:54][DEBUG]scrape LOEWE start
[26/03/05 01:34:58][DEBUG]open done OK
[26/03/05 01:34:59][DEBUG]https://www.loewe.com/jap/ja/%E3%83%A1%E3%83%B3%E3%82%BA/new-in/%E3%83%AA%E3%83%A9%E3%83%83%E3%82%AF%E3%82%B9%E3%83%95%E3%82%A3%E3%83%83%E3%83%88-t%E3%82%B7%E3%83%A3%E3%83%84_%E3%82%B3%E3%83%83%E3%83%88%E3%83%B3_/H526Y22XDE-9100.html 0
[26/03/05 01:35:03][DEBUG]scrape LOEWE start
[26/03/05 01:35:06][DEBUG]open done OK
[26/03/05 01:35:07][DEBUG]https://www.loewe.com/jap/ja/%E3%83%A1%E3%83%B3%E3%82%BA/new-in/%E3%82%AA%E3%83%BC%E3%83%90%E3%83%BC%E3%82%B7%E3%83%A3%E3%83%84_%E3%82%A6%E3%83%BC%E3%83%ABand%E3%83%A9%E3%83%9E%E3%83%96%E3%83%AC%E3%83%B3%E3%83%89_/H526Y02X55-6853.html 0
[26/03/05 01:35:11][DEBUG]scrape LOEWE start
[26/03/05 01:35:14][DEBUG]open done OK
[26/03/05 01:35:15][DEBUG]https://www.loewe.com/jap/ja/%E3%83%A1%E3%83%B3%E3%82%BA/new-in/%E3%83%AC%E3%82%AE%E3%83%A5%E3%83%A9%E3%83%BC%E3%83%95%E3%82%A3%E3%83%83%E3%83%88-t%E3%82%B7%E3%83%A3%E3%83%84_%E3%82%B3%E3%83%83%E3%83%88%E3%83%B3_/H526Y22XDD-7200.html 0
[26/03/05 01:35:19][DEBUG]scrape LOEWE start
[26/03/05 01:35:22][DEBUG]open done OK
[26/03/05 01:35:23][DEBUG]https://www.loewe.com/jap/ja/%E3%83%A1%E3%83%B3%E3%82%BA/new-in/%E3%83%95%E3%83%BC%E3%83%87%E3%83%83%E3%83%89-%E3%82%B3%E3%83%BC%E3%83%88_%E3%82%A6%E3%83%BC%E3%83%AB_/H526Y01WE6-1100.html 0
[26/03/05 01:35:27][DEBUG]scrape LOEWE start
[26/03/05 01:35:30][DEBUG]open done OK
[26/03/05 01:35:31][DEBUG]https://www.loewe.com/jap/ja/%E3%83%A1%E3%83%B3%E3%82%BA/new-in/%E3%82%AA%E3%83%BC%E3%83%90%E3%83%BC%E3%82%B7%E3%83%A3%E3%83%84_%E3%82%B7%E3%82%A2%E3%83%AA%E3%83%B3%E3%82%B0_/H526Y2SL51-3223.html 0
[26/03/05 01:35:34][DEBUG]scrape LOEWE start
[26/03/05 01:35:38][DEBUG]open done OK
[26/03/05 01:35:39][DEBUG]https://www.loewe.com/jap/ja/%E3%83%A1%E3%83%B3%E3%82%BA/new-in/%E3%82%B7%E3%83%A3%E3%83%84_%E3%82%B3%E3%83%83%E3%83%88%E3%83%B3_/H526Y05XAN-6975.html 0
[26/03/05 01:35:43][DEBUG]scrape LOEWE start
[26/03/05 01:35:46][DEBUG]open done OK
[26/03/05 01:35:48][DEBUG]https://www.loewe.com/jap/ja/%E3%83%A1%E3%83%B3%E3%82%BA/new-in/%E3%82%A2%E3%83%8A%E3%82%B0%E3%83%A9%E3%83%A0-%E3%82%AA%E3%83%BC%E3%83%90%E3%83%BC%E3%82%B7%E3%83%A3%E3%83%84_%E3%83%87%E3%83%8B%E3%83%A0_/H526Y1DW27-5475.html 0
[26/03/05 01:35:51][DEBUG]scrape LOEWE start
[26/03/05 01:35:54][DEBUG]open done OK
[26/03/05 01:35:56][DEBUG]https://www.loewe.com/jap/ja/%E3%83%A1%E3%83%B3%E3%82%BA/new-in/%E3%83%88%E3%83%A9%E3%83%83%E3%82%AB%E3%83%BC-%E3%82%B8%E3%83%A3%E3%82%B1%E3%83%83%E3%83%88_%E3%82%B7%E3%82%A2%E3%83%AA%E3%83%B3%E3%82%B0_/H526Y2SL60-3118.html 0
[26/03/05 01:35:59][DEBUG]scrape LOEWE start
[26/03/05 01:36:02][DEBUG]open done OK
[26/03/05 01:36:03][DEBUG]https://www.loewe.com/jap/ja/%E3%83%A1%E3%83%B3%E3%82%BA/new-in/%E3%82%BB%E3%83%BC%E3%82%BF%E3%83%BC_%E3%82%A6%E3%83%BC%E3%83%AB_/H526Y14KNG-4226.html 0
[26/03/05 01:36:07][DEBUG]scrape LOEWE start
[26/03/05 01:36:10][DEBUG]open done OK
[26/03/05 01:36:11][DEBUG]https://www.loewe.com/jap/ja/%E3%83%A1%E3%83%B3%E3%82%BA/new-in/%E3%83%88%E3%83%A9%E3%83%83%E3%82%AF%E3%82%B9%E3%83%BC%E3%83%84-%E3%82%B8%E3%83%A3%E3%82%B1%E3%83%83%E3%83%88_%E3%82%A6%E3%83%BC%E3%83%AB_/H526Y02X47-4936.html 0
[26/03/05 01:36:15][DEBUG]scrape LOEWE start
[26/03/05 01:36:19][DEBUG]open done OK
[26/03/05 01:36:20][DEBUG]https://www.loewe.com/jap/ja/%E3%83%A1%E3%83%B3%E3%82%BA/new-in/%E3%82%BB%E3%83%BC%E3%82%BF%E3%83%BC_%E3%82%A6%E3%83%BC%E3%83%AB_/H526Y14KH1-1130.html 0
[26/03/05 01:36:23][DEBUG]scrape LOEWE start
[26/03/05 01:36:26][DEBUG]open done OK
[26/03/05 01:36:28][DEBUG]https://www.loewe.com/jap/ja/%E3%83%A1%E3%83%B3%E3%82%BA/new-in/%E3%82%B9%E3%82%AB%E3%83%BC%E3%83%95_%E3%82%AB%E3%82%B7%E3%83%9F%E3%83%A4_/FSA3SS1W04-2279.html 0
[26/03/05 01:36:30][DEBUG]scrape LOEWE start
[26/03/05 01:36:32][DEBUG]open done OK
[26/03/05 01:36:34][DEBUG]https://www.loewe.com/jap/ja/%E3%83%A1%E3%83%B3%E3%82%BA/new-in/%E3%83%91%E3%82%BA%E3%83%AB-%E3%83%90%E3%82%A4%E3%83%95%E3%82%A9%E3%83%BC%E3%83%AB%E3%83%89-%E3%82%B3%E3%82%A4%E3%83%B3%E3%82%A6%E3%82%A9%E3%83%AC%E3%83%83%E3%83%88_%E3%82%AF%E3%83%A9%E3%82%B7%E3%83%83%E3%82%AF%E3%82%AB%E3%83%BC%E3%83%95_/C510501X15-0679.html 0
[26/03/05 01:36:36][DEBUG]scrape LOEWE start
[26/03/05 01:36:40][DEBUG]open done OK
[26/03/05 01:36:47][DEBUG]https://www.loewe.com/jap/ja/%E3%83%A1%E3%83%B3%E3%82%BA/new-in/%E3%83%91%E3%82%BA%E3%83%AB-%E3%82%B9%E3%83%AA%E3%83%A0-%E3%82%B3%E3%83%B3%E3%83%91%E3%82%AF%E3%83%88-%E3%82%A6%E3%82%A9%E3%83%AC%E3%83%83%E3%83%88_%E3%82%AF%E3%83%A9%E3%82%B7%E3%83%83%E3%82%AF%E3%82%AB%E3%83%BC%E3%83%95_/C510W73X09-0679.html NOTFOUND
[26/03/05 01:36:47][DEBUG]scrape LOEWE start
[26/03/05 01:36:50][DEBUG]open done OK
[26/03/05 01:36:51][DEBUG]https://www.loewe.com/jap/ja/%E3%83%A1%E3%83%B3%E3%82%BA/new-in/%E3%83%90%E3%83%8B%E3%83%BC-%E3%83%81%E3%83%A3%E3%83%BC%E3%83%A0_%E3%82%B7%E3%82%A2%E3%83%AA%E3%83%B3%E3%82%B0_/C621232XR7-2100.html 0
[26/03/05 01:36:53][DEBUG]scrape LOEWE start
[26/03/05 01:36:56][DEBUG]open done OK
[26/03/05 01:36:57][DEBUG]https://www.loewe.com/jap/ja/%E3%83%A1%E3%83%B3%E3%82%BA/new-in/%E3%83%AD%E3%82%A8%E3%83%99-%E3%83%93%E3%83%BC%E3%83%8B%E3%83%BC_%E3%82%A6%E3%83%BC%E3%83%AB_/F540257X23-2210.html 0
[26/03/05 01:37:00][DEBUG]scrape LOEWE start
[26/03/05 01:37:02][DEBUG]open done OK
[26/03/05 01:37:03][DEBUG]https://www.loewe.com/jap/ja/%E3%83%A1%E3%83%B3%E3%82%BA/new-in/%E3%83%87%E3%82%A3%E3%82%A2-%E3%83%91%E3%82%BA-%E3%83%81%E3%83%A3%E3%83%BC%E3%83%A0_%E3%82%B7%E3%82%A2%E3%83%AA%E3%83%B3%E3%82%B0_/C621232XR5-3100.html 0
[26/03/05 01:37:06][DEBUG]scrape LOEWE start
[26/03/05 01:37:09][DEBUG]open done OK
[26/03/05 01:37:10][DEBUG]https://www.loewe.com/jap/ja/%E3%83%A1%E3%83%B3%E3%82%BA/new-in/%E3%82%AF%E3%83%AD%E3%82%B9%E3%83%9C%E3%83%87%E3%82%A3-%E3%82%AB%E3%83%A1%E3%83%A9%E3%83%90%E3%83%83%E3%82%B0-%E3%83%9F%E3%83%8B_%E3%82%B5%E3%83%86%E3%83%B3%E3%82%AB%E3%83%BC%E3%83%95_/C565R41X04-1220.html 0
[26/03/05 01:37:12][DEBUG]scrape LOEWE start
[26/03/05 01:37:15][DEBUG]open done OK
[26/03/05 01:37:16][DEBUG]https://www.loewe.com/jap/ja/%E3%83%A1%E3%83%B3%E3%82%BA/new-in/%E3%82%B9%E3%82%AB%E3%83%BC%E3%83%95_%E3%82%A6%E3%83%BC%E3%83%ABand%E3%82%AB%E3%82%B7%E3%83%9F%E3%83%A4_/FSA8SS1K06-1440.html 0
[26/03/05 01:37:19][DEBUG]scrape LOEWE start
[26/03/05 01:37:22][DEBUG]open done OK
[26/03/05 01:37:23][DEBUG]https://www.loewe.com/jap/ja/%E3%83%A1%E3%83%B3%E3%82%BA/new-in/%E3%83%90%E3%82%A4%E3%83%95%E3%82%A9%E3%83%BC%E3%83%AB%E3%83%89-%E3%82%B3%E3%82%A4%E3%83%B3%E3%82%A6%E3%82%A9%E3%83%AC%E3%83%83%E3%83%88_%E3%82%B5%E3%83%86%E3%83%B3%E3%82%AB%E3%83%BC%E3%83%95_/C565501X05-4160.html 0
[26/03/05 01:37:25][DEBUG]scrape LOEWE start
[26/03/05 01:37:28][DEBUG]open done OK
[26/03/05 01:37:30][DEBUG]https://www.loewe.com/jap/ja/%E3%83%A1%E3%83%B3%E3%82%BA/new-in/%E3%83%91%E3%82%BA%E3%83%AB-%E3%83%90%E3%82%A4%E3%83%95%E3%82%A9%E3%83%BC%E3%83%AB%E3%83%89-%E3%82%A6%E3%82%A9%E3%83%AC%E3%83%83%E3%83%88_%E3%82%B5%E3%83%97%E3%83%AB%E3%82%B0%E3%83%AC%E3%82%A4%E3%83%B3%E3%82%AB%E3%83%BC%E3%83%95_/C510302X20-1220.html 0
[26/03/05 01:37:32][DEBUG]scrape LOEWE start
[26/03/05 01:37:35][DEBUG]open done OK
[26/03/05 01:37:36][DEBUG]https://www.loewe.com/jap/ja/%E3%83%A1%E3%83%B3%E3%82%BA/new-in/%E3%83%91%E3%82%BA%E3%83%AB-%E3%82%B3%E3%82%A4%E3%83%B3%E3%82%AB%E3%83%BC%E3%83%89%E3%83%9B%E3%83%AB%E3%83%80%E3%83%BC_%E3%82%B5%E3%83%97%E3%83%AB%E3%82%B0%E3%83%AC%E3%82%A4%E3%83%B3%E3%82%AB%E3%83%BC%E3%83%95_/C510Z40X28-1220.html 0
[26/03/05 01:50:41][DEBUG]exit
